// Jest Snapshot v1, https://goo.gl/fbAQLP

exports[`<Backdrop /> snapshot  renders correctly 1`] = `
<div
  className="Backdrop"
  onClick={[Function]}
>
   
</div>
`;
