// Jest Snapshot v1, https://goo.gl/fbAQLP

exports[`<Email /> snapshot  renders correctly 1`] = `
<div>
  <input
    className="Input"
    name="email"
    placeholder="Username"
    type="text"
  />
  <div
    style={
      Object {
        "color": "darkred",
      }
    }
  />
</div>
`;
