// Jest Snapshot v1, https://goo.gl/fbAQLP

exports[`<Spinner /> snapshot  renders correctly 1`] = `
<div
  className="Loader"
>
  Loading...
</div>
`;
